23:49:19 **** Incremental Build of configuration Debug for project vcu_mk_0 ****
make -j4 all 
arm-none-eabi-gcc "../Core/Src/main.c" -mcpu=cortex-m0plus -std=gnu11 -g3 -DDEBUG -DUSE_HAL_DRIVER -DSTM32G070xx -c -I../Core/Inc -I../Drivers/STM32G0xx_HAL_Driver/Inc -I../Drivers/STM32G0xx_HAL_Driver/Inc/Legacy -I../Drivers/CMSIS/Device/ST/STM32G0xx/Include -I../Drivers/CMSIS/Include -O0 -ffunction-sections -fdata-sections -Wall -fstack-usage -fcyclomatic-complexity -MMD -MP -MF"Core/Src/main.d" -MT"Core/Src/main.o" --specs=nano.specs -mfloat-abi=soft -mthumb -o "Core/Src/main.o"
arm-none-eabi-gcc -o "vcu_mk_0.elf" @"objects.list"   -mcpu=cortex-m0plus -T"T:\PROJECTS_LOCAL\STM32-VCU-Learning\vcu_mk_0\STM32G070RBTX_FLASH.ld" --specs=nosys.specs -Wl,-Map="vcu_mk_0.map" -Wl,--gc-sections -static --specs=nano.specs -mfloat-abi=soft -mthumb -Wl,--start-group -lc -lm -Wl,--end-group
Finished building target: vcu_mk_0.elf
 
arm-none-eabi-size  vcu_mk_0.elf 
arm-none-eabi-objdump -h -S vcu_mk_0.elf  > "vcu_mk_0.list"
   text	   data	    bss	    dec	    hex	filename
  22072	     92	   2308	  24472	   5f98	vcu_mk_0.elf
Finished building: default.size.stdout
 
Finished building: vcu_mk_0.list
 

23:49:22 Build Finished. 0 errors, 0 warnings. (took 2s.588ms)

